// main.rs
// ------------------------------------------
// Copyright (c) 2024
// Some_Name
// ------------------------------------------

use macros::define_result;
